// Jest Snapshot v1, https://goo.gl/fbAQLP

exports[`renders correctly a short url 1`] = `
<tr>
  <td
    className="text-right"
  />
  <td>
    <b>
      
    </b>
    <br />
    <i>
      <a
        rel="noopener noreferrer"
        target="_blank"
      >
        
      </a>
    </i>
  </td>
  <td>
    <a
      rel="noopener noreferrer"
      target="_blank"
    />
  </td>
</tr>
`;
